Total is 30, max deduction is 4
Player A's move
Total is 29
Player B's move
Total is 28
Player A's move
Total is 27
Player B's move
Total is 26
Player A's move
Total is 24
Player B's move
Total is 20
Player A's move
Total is 16
Player B's move
Total is 12
Player A's move
Total is 8
Player B's move
Total is 4
Player A's move
Total is 0
Player A wins
Score is
A 1
B 0
Total is 30, max deduction is 4
Player B's move
Total is 26
Player A's move
Total is 25
Player B's move
Total is 21
Player A's move
Total is 20
Player B's move
Total is 16
Player A's move
Total is 15
Player B's move
Total is 11
Player A's move
Total is 10
Player B's move
Total is 6
Player A's move
Total is 5
Player B's move
Total is 4
Player A's move
Total is 3
Player B's move
Total is -1
Player B wins
Score is
A 1
B 1
Total is 30, max deduction is 4
Player A's move
Total is 26
Player B's move
Total is 25
Player A's move
Total is 21
Player B's move
Total is 20
Player A's move
Total is 16
Player B's move
Total is 15
Player A's move
Total is 11
Player B's move
Total is 10
Player A's move
Total is 6
Player B's move
Total is 5
Player A's move
Total is 4
Player B's move
Total is 3
Player A's move
Total is -1
Player A wins
Score is
A 2
B 1
