Total is 2, max deduction is 1
Player A's move
Total is 1
Player B's move
Total is 0
Player B wins
Score is
A 0
B 1
