Total is 50, max deduction is 60
Player A's move
Total is -10
Player A wins
Score is
A 1
B 0
Total is 50, max deduction is 60
Player B's move
Total is 0
Player B wins
Score is
A 1
B 1
Total is 50, max deduction is 60
Player A's move
Total is -10
Player A wins
Score is
A 2
B 1
Total is 50, max deduction is 60
Player B's move
Total is 0
Player B wins
Score is
A 2
B 2
Total is 50, max deduction is 60
Player A's move
Total is -10
Player A wins
Score is
A 3
B 2
Total is 50, max deduction is 60
Player B's move
Total is 0
Player B wins
Score is
A 3
B 3
Total is 50, max deduction is 60
Player A's move
Total is -10
Player A wins
Score is
A 4
B 3
Total is 50, max deduction is 60
Player B's move
Total is 0
Player B wins
Score is
A 4
B 4
Total is 320000, max deduction is 300000
Player A's move
Total is 319999
Player B's move
Total is 319997
Player A's move
Total is 319987
Player B's move
Total is 319967
Player A's move
Total is 319867
Player B's move
Total is 319667
Player A's move
Total is 318667
Player B's move
Total is 316667
Player A's move
Total is 306667
Player B's move
Total is 286667
Player A's move
Total is 186667
Player B's move
Total is -13333
Player B wins
Score is
A 4
B 5
Total is 320000, max deduction is 300000
Player B's move
Total is 319998
Player A's move
Total is 319997
Player B's move
Total is 319977
Player A's move
Total is 319967
Player B's move
Total is 319767
Player A's move
Total is 319667
Player B's move
Total is 317667
Player A's move
Total is 316667
Player B's move
Total is 296667
Player A's move
Total is 286667
Player B's move
Total is 86667
Player A's move
Total is -13333
Player A wins
Score is
A 5
B 5
Total is 320000, max deduction is 300000
Player A's move
Total is 319999
Player B's move
Total is 319997
Player A's move
Total is 319987
Player B's move
Total is 319967
Player A's move
Total is 319867
Player B's move
Total is 319667
Player A's move
Total is 318667
Player B's move
Total is 316667
Player A's move
Total is 306667
Player B's move
Total is 286667
Player A's move
Total is 186667
Player B's move
Total is -13333
Player B wins
Score is
A 5
B 6
