Total is 37, max deduction is 10
Player A's move
Total is 33
Player B's move
Total is 23
Player A's move
Total is 22
Player B's move
Total is 15
Player A's move
Total is 8
Player B's move
Total is 1
Player A's move
Total is -2
Player A wins
Score is
A 1
B 0
