Total is 1, max deduction is 1
Player A's move
Total is 0
Player A wins
Score is
A 1
B 0
Total is 2, max deduction is 2
Player B's move
Total is 0
Player B wins
Score is
A 1
B 1
