Total is 40, max deduction is 7
Player A's move
Total is 37
Player B's move
Total is 30
Player A's move
Total is 23
Player B's move
Total is 16
Player A's move
Total is 9
Player B's move
Total is 2
Player A's move
Total is -5
Player A wins
Score is
A 1
B 0
Total is 40, max deduction is 7
Player B's move
Total is 37
Player A's move
Total is 30
Player B's move
Total is 23
Player A's move
Total is 16
Player B's move
Total is 9
Player A's move
Total is 2
Player B's move
Total is -5
Player B wins
Score is
A 1
B 1
Total is 40, max deduction is 7
Player A's move
Total is 37
Player B's move
Total is 30
Player A's move
Total is 23
Player B's move
Total is 16
Player A's move
Total is 9
Player B's move
Total is 2
Player A's move
Total is -5
Player A wins
Score is
A 2
B 1
